
Memory Configuration

Name             Origin             Length             Attributes
FLASH            0x08000000         0x00020000         xr
SRAM             0x20000000         0x00005000         xrw
*default*        0x00000000         0xffffffff

Linker script and memory map

                0x00000000                START = .

.text           0x08000000      0x14c
                0x08000000                STEXT = .
 *(.vectors*)
 .vectors       0x08000000       0x1d startup.o
                0x08000000                vector_table
                0x0800001c                g_vector_table
 *(.text*)
 *fill*         0x0800001d        0x3 
 .text          0x08000020       0x88 app.o
                0x08000020                main
 .text          0x080000a8       0xa4 startup.o
                0x080000a8                usage_fault_handler
                0x080000a8                default_handler
                0x080000a8                MM_fault_handler
                0x080000a8                bus_fault_handler
                0x080000a8                H_fault_handler
                0x080000a8                NMI_handler
                0x080000b4                _reset
                0x0800014c                ETEXT = .
                0x0800014c                START2 = .

.glue_7         0x0800014c        0x0
 .glue_7        0x0800014c        0x0 linker stubs

.glue_7t        0x0800014c        0x0
 .glue_7t       0x0800014c        0x0 linker stubs

.vfp11_veneer   0x0800014c        0x0
 .vfp11_veneer  0x0800014c        0x0 linker stubs

.v4_bx          0x0800014c        0x0
 .v4_bx         0x0800014c        0x0 linker stubs

.iplt           0x0800014c        0x0
 .iplt          0x0800014c        0x0 app.o

.rel.dyn        0x0800014c        0x0
 .rel.iplt      0x0800014c        0x0 app.o

.data           0x20000000        0x5 load address 0x0800014c
                0x20000000                SDATA = .
 *(.data*)
 .data          0x20000000        0x5 app.o
                0x20000000                g_portA
                0x20000004                y
 .data          0x20000005        0x0 startup.o
                0x20000005                EDATA = .

.igot.plt       0x20000008        0x0 load address 0x08000151
 .igot.plt      0x20000008        0x0 app.o

.bss            0x20000008        0x4 load address 0x08000151
                0x20000008                SBSS = .
 *(.bss*)
 .bss           0x20000008        0x4 app.o
                0x20000008                i
 .bss           0x2000000c        0x0 startup.o
 *(COMMON*)
                0x2000000c                EBSS = .
                0x2000000c                EBSS_out = .
                0x200003f4                . = (. + 0x3e8)
                0x200003f4                SP_Top = .
LOAD app.o
LOAD startup.o
OUTPUT(led_blink.elf elf32-littlearm)
LOAD linker stubs

.debug_info     0x00000000      0x312
 .debug_info    0x00000000      0x159 app.o
 .debug_info    0x00000159      0x1b9 startup.o

.debug_abbrev   0x00000000      0x19d
 .debug_abbrev  0x00000000       0xdc app.o
 .debug_abbrev  0x000000dc       0xc1 startup.o

.debug_loc      0x00000000       0xa8
 .debug_loc     0x00000000       0x2c app.o
 .debug_loc     0x0000002c       0x7c startup.o

.debug_aranges  0x00000000       0x40
 .debug_aranges
                0x00000000       0x20 app.o
 .debug_aranges
                0x00000020       0x20 startup.o

.debug_line     0x00000000      0x21a
 .debug_line    0x00000000       0xfd app.o
 .debug_line    0x000000fd      0x11d startup.o

.debug_str      0x00000000      0x1d0
 .debug_str     0x00000000      0x143 app.o
                                0x188 (size before relaxing)
 .debug_str     0x00000143       0x8d startup.o
                                0x1ee (size before relaxing)

.comment        0x00000000       0x49
 .comment       0x00000000       0x49 app.o
                                 0x4a (size before relaxing)
 .comment       0x00000049       0x4a startup.o

.ARM.attributes
                0x00000000       0x2d
 .ARM.attributes
                0x00000000       0x2d app.o
 .ARM.attributes
                0x0000002d       0x2d startup.o

.debug_frame    0x00000000       0x78
 .debug_frame   0x00000000       0x28 app.o
 .debug_frame   0x00000028       0x50 startup.o
