
Memory Configuration

Name             Origin             Length             Attributes
FLASH            0x00000000         0x20000000         xr
SRAM             0x20000000         0x20000000         xrw
*default*        0x00000000         0xffffffff

Linker script and memory map

                0x00000000                START = .

.text           0x00000000      0x16c
                0x00000000                STEXT = .
 *(.vectors*)
 .vectors       0x00000000       0x1c startup.o
                0x00000000                vector_table
 *(.text*)
 .text          0x0000001c       0xac app.o
                0x0000001c                main
 .text          0x000000c8       0xa4 startup.o
                0x000000c8                usage_fault_handler
                0x000000c8                default_handler
                0x000000c8                MM_fault_handler
                0x000000c8                bus_fault_handler
                0x000000c8                H_fault_handler
                0x000000c8                NMI_handler
                0x000000d4                _reset
                0x0000016c                ETEXT = .
                0x0000016c                START2 = .

.glue_7         0x0000016c        0x0
 .glue_7        0x0000016c        0x0 linker stubs

.glue_7t        0x0000016c        0x0
 .glue_7t       0x0000016c        0x0 linker stubs

.vfp11_veneer   0x0000016c        0x0
 .vfp11_veneer  0x0000016c        0x0 linker stubs

.v4_bx          0x0000016c        0x0
 .v4_bx         0x0000016c        0x0 linker stubs

.iplt           0x0000016c        0x0
 .iplt          0x0000016c        0x0 app.o

.rel.dyn        0x0000016c        0x0
 .rel.iplt      0x0000016c        0x0 app.o

.data           0x20000000        0x8 load address 0x0000016c
                0x20000000                SDATA = .
 *(.data*)
 .data          0x20000000        0x5 app.o
                0x20000000                i
                0x20000004                y
 .data          0x20000005        0x0 startup.o
                0x20000008                . = ALIGN (0x4)
 *fill*         0x20000005        0x3 
                0x20000008                EDATA = .

.igot.plt       0x20000008        0x0 load address 0x00000174
 .igot.plt      0x20000008        0x0 app.o

.bss            0x20000008      0x400 load address 0x00000174
                0x20000008                SBSS = .
 *(.bss*)
 .bss           0x20000008        0x0 app.o
 .bss           0x20000008      0x400 startup.o
                0x20000008                stack_top
 *(COMMON*)
                0x20000408                EBSS = .
                0x20000408                EBSS_out = .
LOAD app.o
LOAD startup.o
OUTPUT(led_blink_tivaC.elf elf32-littlearm)
LOAD linker stubs

.debug_info     0x00000000      0x2d9
 .debug_info    0x00000000      0x10c app.o
 .debug_info    0x0000010c      0x1cd startup.o

.debug_abbrev   0x00000000      0x14d
 .debug_abbrev  0x00000000       0x7e app.o
 .debug_abbrev  0x0000007e       0xcf startup.o

.debug_loc      0x00000000       0xb4
 .debug_loc     0x00000000       0x38 app.o
 .debug_loc     0x00000038       0x7c startup.o

.debug_aranges  0x00000000       0x40
 .debug_aranges
                0x00000000       0x20 app.o
 .debug_aranges
                0x00000020       0x20 startup.o

.debug_line     0x00000000      0x22c
 .debug_line    0x00000000      0x10f app.o
 .debug_line    0x0000010f      0x11d startup.o

.debug_str      0x00000000      0x1c8
 .debug_str     0x00000000      0x13a app.o
                                0x188 (size before relaxing)
 .debug_str     0x0000013a       0x8e startup.o
                                0x1e7 (size before relaxing)

.comment        0x00000000       0x49
 .comment       0x00000000       0x49 app.o
                                 0x4a (size before relaxing)
 .comment       0x00000049       0x4a startup.o

.ARM.attributes
                0x00000000       0x2e
 .ARM.attributes
                0x00000000       0x2e app.o
 .ARM.attributes
                0x0000002e       0x2e startup.o

.debug_frame    0x00000000       0x7c
 .debug_frame   0x00000000       0x2c app.o
 .debug_frame   0x0000002c       0x50 startup.o
